(*fibrechannel.Frame)({
 RCtl: (uint8) 34,
 DestinationID: ([3]uint8) (len=3 cap=3) {
  00000000  01 00 00                                          |...|
 },
 CsctlPriority: (*fibrechannel.Prio)({
  Data: (uint8) 0
 }),
 SourceID: ([3]uint8) (len=3 cap=3) {
  00000000  02 0f 00                                          |...|
 },
 fcType: (fibrechannel.Type) TypeELS <0x1> (TODO),
 FCtl: (fibrechannel.FrameControl) {
  TODO1: (int) 10,
  PriorityEnable: (bool) true,
  TODO2: (int) 65536
 },
 SeqID: (uint8) 0,
 DFCtl: (uint8) 0,
 SeqCount: (uint16) 0,
 OXID: (uint16) 477,
 RXID: (uint16) 65535,
 Parameters: ([4]uint8) (len=4 cap=4) {
  00000000  00 00 00 00                                       |....|
 },
 Payload: (*els.Frame)({
  cmd: (els.Command) CmdPLOGI <0x3> (N_Port login),
  Payload: (*els.PLOGI)({
   CommonSvcParams: (els.PLOGICommonSvcParams) {
    FCPHVersion: (int) 8224,
    B2BCredits: (int) 5,
    ContIncrRelOffset: (bool) true,
    RandomRelOffset: (bool) false,
    ValidVendorVersionLevel: (bool) false,
    NorFPort: (bool) false,
    BBCreditMgmt: (bool) false,
    EDTOVResolution: (bool) false,
    EnergyEffLPIModeSupported: (bool) false,
    PriorityTaggingSupported: (bool) false,
    QueryDataBufferCond: (bool) false,
    SecurityBit: (bool) false,
    ClockSyncPrimitiveCapable: (bool) false,
    RTTOVValue: (bool) false,
    DynamicHalfDuplexSupported: (bool) false,
    SeqCntVendorSpec: (bool) false,
    PayloadBit: (bool) false,
    BBSCN: (int) 0,
    B2BRecvDataFieldSize: (int) 2048,
    AppHdrSupport: (bool) false,
    NxPortTotalConcurrentSeq: (int) 255,
    RelOffsetInfoCat: (int) 31,
    EDTOV: (int) 2000
   },
   PortName: (common.WWN) (len=8 cap=8) 21:00:00:24:ff:3d:39:a0,
   NodeName: (common.WWN) (len=8 cap=8) 20:00:00:24:ff:3d:39:a0,
   ClassSvcParams: ([3]els.PLOGIClassSvcParams) (len=3 cap=3) {
    (els.PLOGIClassSvcParams) {
     Service: (uint16) 0,
     Initiator: (uint16) 0,
     Recipient: (uint16) 0,
     ReceiveDataFieldSize: (uint16) 0,
     ConcurrentSeq: (uint8) 0,
     E2ECredits: (uint16) 0,
     OpenSeqPerExch: (uint8) 0
    },
    (els.PLOGIClassSvcParams) {
     Service: (uint16) 0,
     Initiator: (uint16) 0,
     Recipient: (uint16) 0,
     ReceiveDataFieldSize: (uint16) 0,
     ConcurrentSeq: (uint8) 0,
     E2ECredits: (uint16) 0,
     OpenSeqPerExch: (uint8) 0
    },
    (els.PLOGIClassSvcParams) {
     Service: (uint16) 32768,
     Initiator: (uint16) 0,
     Recipient: (uint16) 0,
     ReceiveDataFieldSize: (uint16) 2048,
     ConcurrentSeq: (uint8) 255,
     E2ECredits: (uint16) 0,
     OpenSeqPerExch: (uint8) 1
    }
   },
   AuxSvcParams: (els.PLOGIClassSvcParams) {
    Service: (uint16) 0,
    Initiator: (uint16) 0,
    Recipient: (uint16) 0,
    ReceiveDataFieldSize: (uint16) 0,
    ConcurrentSeq: (uint8) 0,
    E2ECredits: (uint16) 0,
    OpenSeqPerExch: (uint8) 0
   },
   VendorVersion: ([16]uint8) (len=16 cap=16) {
    00000000  00 00 00 00 00 00 00 00  00 00 00 00 00 00 00 00  |................|
   }
  })
 })
})
